// Jest Snapshot v1, https://goo.gl/fbAQLP

exports[`AppTable Renders without crashing 1`] = `
<DescriptionList>
  <DescriptionListGroup>
    <DescriptionListTerm>
      Application name
    </DescriptionListTerm>
    <DescriptionListDescription>
      myApp
    </DescriptionListDescription>
  </DescriptionListGroup>
  <DescriptionListGroup>
    <DescriptionListTerm>
      Description
    </DescriptionListTerm>
    <DescriptionListDescription>
      myDescription
    </DescriptionListDescription>
  </DescriptionListGroup>
  <DescriptionListGroup>
    <DescriptionListTerm>
      Assessment notes
    </DescriptionListTerm>
    <DescriptionListDescription>
      comments1. comments2. comments3
    </DescriptionListDescription>
  </DescriptionListGroup>
</DescriptionList>
`;
